[escoladamaquiagem.com/maquiagem-2026.html]
[escoladamaquiagem.com/t.src]
[backblue.gif]
[fade.gif]
[index.html]
[escoladamaquiagem.com/wp-content/uploads/elementor/css/custom-frontend-lite.min50aa.css]
[escoladamaquiagem.com/feed/index.html]
[escoladamaquiagem.com/comments/feed/index.html]
[escoladamaquiagem.com/wp-content/cache/min/1/wp-content/plugins/elementor/assets/lib/swiper/v8/css/swiper.minf112.css]
[escoladamaquiagem.com/wp-content/uploads/elementor/css/post-450aa.css]
[escoladamaquiagem.com/wp-content/uploads/elementor/css/custom-pro-frontend-lite.min50aa.css]
[escoladamaquiagem.com/wp-content/uploads/elementor/css/global0230.css]
[escoladamaquiagem.com/wp-content/uploads/elementor/css/post-1082f112.css]
[escoladamaquiagem.com/wp-content/plugins/essential-addons-for-elementor-lite/assets/front-end/css/view/general.minbfbf.css]
[escoladamaquiagem.com/wp-content/cache/min/1/wp-content/plugins/happy-elementor-addons/assets/fonts/style.minf112.css]
[escoladamaquiagem.com/wp-content/cache/min/1/wp-content/plugins/elementor/assets/lib/font-awesome/css/font-awesome.minf112.css]
[escoladamaquiagem.com/wp-content/plugins/rocket-lazy-load/assets/img/youtube.png]
[escoladamaquiagem.com/wp-includes/js/jquery/jquery.minf43b.js]
[escoladamaquiagem.com/wp-includes/js/jquery/jquery-migrate.min5589.js]
[escoladamaquiagem.com/wp-content/plugins/happy-elementor-addons/assets/vendor/dom-purify/purify.min005e.js]
[escoladamaquiagem.com/wp-json/wp/v2/pages/1082.json]
[escoladamaquiagem.com/xmlrpc0db0.php]
[escoladamaquiagem.com/wp-json/index.html]
[escoladamaquiagem.com/wp-json/oembed/1.0/embedaaba.json]
[escoladamaquiagem.com/wp-json/oembed/1.0/embedff91]
[escoladamaquiagem.com/maquiagem-2026/index.html]
[escoladamaquiagem.com/wp-content/themes/twentytwentythree/assets/fonts/dm-sans/DMSans-Regular.woff2]
[escoladamaquiagem.com/wp-content/themes/twentytwentythree/assets/fonts/dm-sans/DMSans-Regular-Italic.woff2]
[escoladamaquiagem.com/wp-content/themes/twentytwentythree/assets/fonts/dm-sans/DMSans-Bold.woff2]
[escoladamaquiagem.com/wp-content/themes/twentytwentythree/assets/fonts/dm-sans/DMSans-Bold-Italic.woff2]
[escoladamaquiagem.com/wp-content/themes/twentytwentythree/assets/fonts/ibm-plex-mono/IBMPlexMono-Light.woff2]
[escoladamaquiagem.com/wp-content/themes/twentytwentythree/assets/fonts/ibm-plex-mono/IBMPlexMono-Regular.woff2]
[escoladamaquiagem.com/wp-content/themes/twentytwentythree/assets/fonts/ibm-plex-mono/IBMPlexMono-Italic.woff2]
[escoladamaquiagem.com/wp-content/themes/twentytwentythree/assets/fonts/ibm-plex-mono/IBMPlexMono-Bold.woff2]
[escoladamaquiagem.com/wp-content/themes/twentytwentythree/assets/fonts/inter/Inter-VariableFont_slnt,wght.ttf]
[escoladamaquiagem.com/wp-content/themes/twentytwentythree/assets/fonts/source-serif-pro/SourceSerif4Variable-Roman.ttf.woff2]
[escoladamaquiagem.com/wp-content/themes/twentytwentythree/assets/fonts/source-serif-pro/SourceSerif4Variable-Italic.ttf.woff2]
[escoladamaquiagem.com/wp-content/uploads/2023/05/favicon-150x150.png]
[escoladamaquiagem.com/wp-content/uploads/2023/05/favicon-300x300.png]
[www.googletagmanager.com/gtag/jsf2bb]
[connect.facebook.net/en_US/fbevents.js]
[api.whatsapp.com/send9971.html]
[escoladamaquiagem.com/wp-content/uploads/2024/05/logo.webp]
[escoladamaquiagem.com/wp-content/uploads/2024/05/alunas.webp]
[escoladamaquiagem.com/wp-content/uploads/2024/05/c.webp]
[escoladamaquiagem.com/wp-content/uploads/2024/05/b.webp]
[escoladamaquiagem.com/wp-content/uploads/2024/05/a.webp]
[escoladamaquiagem.com/wp-content/uploads/elementor/css/custom-widget-icon-list.min3c24.css]
[escoladamaquiagem.com/wp-content/uploads/2024/06/f2.webp]
[escoladamaquiagem.com/wp-content/uploads/2024/06/ft3.webp]
[escoladamaquiagem.com/wp-content/uploads/2024/05/MAQUIAGEMv2.webp]
[escoladamaquiagem.com/wp-content/uploads/2024/05/passoapasso-4.webp]
[escoladamaquiagem.com/wp-content/uploads/2024/05/passoapasso-1v2-1.webp]
[escoladamaquiagem.com/wp-content/uploads/2024/05/passoapasso-1.webp]
[escoladamaquiagem.com/wp-content/uploads/2024/05/passoapasso-2.webp]
[escoladamaquiagem.com/wp-content/uploads/2024/05/passoapassov2.webp]
[escoladamaquiagem.com/wp-content/uploads/2024/05/mobile.webp]
[escoladamaquiagem.com/wp-content/uploads/2024/05/WHATSAPP-3D.webp]
[escoladamaquiagem.com/wp-content/uploads/2024/05/aba.webp]
[escoladamaquiagem.com/wp-content/uploads/2024/05/Seguro.webp]
[pay.kiwify.com.br/7SUP4Be.html]
[pay.kiwify.com.br/7s95UAe.html]
[escoladamaquiagem.com/wp-content/uploads/2024/06/garantia-2.webp]
[escoladamaquiagem.com/wp-content/uploads/2024/05/device.webp]
[www.w3.org/2000/svg.html]
[escoladamaquiagem.com/wp-content/plugins/elementor/assets/lib/animations/animations.mind5d5.css]
[escoladamaquiagem.com/wp-content/plugins/page-scroll-to-id/js/page-scroll-to-id.min97e9.js]
[escoladamaquiagem.com/wp-content/plugins/essential-addons-for-elementor-lite/assets/front-end/js/view/general.minbfbf.js]
[escoladamaquiagem.com/wp-content/plugins/happy-elementor-addons/assets/js/happy-addons.min7ff8.js]
[escoladamaquiagem.com/index.html]
[player.pandavideo.com.br/api.v2b0fd.js]
[escoladamaquiagem.com/wp-content/plugins/elementor-pro/assets/js/webpack-pro.runtime.min9086.js]
[escoladamaquiagem.com/wp-content/plugins/elementor/assets/js/webpack.runtime.mind5d5.js]
[escoladamaquiagem.com/wp-content/plugins/elementor/assets/js/frontend-modules.mind5d5.js]
[escoladamaquiagem.com/wp-includes/js/dist/hooks.min2757.js]
[escoladamaquiagem.com/wp-includes/js/dist/i18n.minc33c.js]
[escoladamaquiagem.com/wp-content/plugins/elementor-pro/assets/js/frontend.min9086.js]
[escoladamaquiagem.com/wp-content/plugins/elementor/assets/lib/waypoints/waypoints.min05da.js]
[player.pandavideo.com.br/player.externalb0fd.js]
[escoladamaquiagem.com/wp-includes/js/jquery/ui/core.minb37e.js]
[escoladamaquiagem.com/wp-content/plugins/elementor/assets/js/frontend.mind5d5.js]
[escoladamaquiagem.com/wp-content/plugins/elementor-pro/assets/js/preloaded-elements-handlers.min9086.js]
[escoladamaquiagem.com/wp-content/plugins/rocket-lazy-load/assets/js/16.1/lazyload.min.js]
[escoladamaquiagem.com/maquiagem-2026.html]
[escoladamaquiagem.com/t.html]
[fonts.gstatic.com/s/roboto/v51/KFOKCnqEu92Fr1Mu53ZEC9_Vu3r1gIhOszmOClHrs6ljXfMMLoHRuAj-lg.ttf]
[fonts.gstatic.com/s/roboto/v51/KFOKCnqEu92Fr1Mu53ZEC9_Vu3r1gIhOszmOClHrs6ljXfMMLgHQuAj-lg.ttf]
[fonts.gstatic.com/s/roboto/v51/KFOKCnqEu92Fr1Mu53ZEC9_Vu3r1gIhOszmOClHrs6ljXfMMLt_QuAj-lg.ttf]
[fonts.gstatic.com/s/roboto/v51/KFOKCnqEu92Fr1Mu53ZEC9_Vu3r1gIhOszmOClHrs6ljXfMMLoHQuAj-lg.ttf]
[fonts.gstatic.com/s/roboto/v51/KFOKCnqEu92Fr1Mu53ZEC9_Vu3r1gIhOszmOClHrs6ljXfMMLrPQuAj-lg.ttf]
[fonts.gstatic.com/s/roboto/v51/KFOKCnqEu92Fr1Mu53ZEC9_Vu3r1gIhOszmOClHrs6ljXfMMLl_XuAj-lg.ttf]
[fonts.gstatic.com/s/roboto/v51/KFOKCnqEu92Fr1Mu53ZEC9_Vu3r1gIhOszmOClHrs6ljXfMMLmbXuAj-lg.ttf]
[fonts.gstatic.com/s/roboto/v51/KFOKCnqEu92Fr1Mu53ZEC9_Vu3r1gIhOszmOClHrs6ljXfMMLgHXuAj-lg.ttf]
[fonts.gstatic.com/s/roboto/v51/KFOKCnqEu92Fr1Mu53ZEC9_Vu3r1gIhOszmOClHrs6ljXfMMLijXuAj-lg.ttf]
[fonts.gstatic.com/s/roboto/v51/KFOMCnqEu92Fr1ME7kSn66aGLdTylUAMQXC89YmC2DPNWubEbFmUiA8.ttf]
[fonts.gstatic.com/s/roboto/v51/KFOMCnqEu92Fr1ME7kSn66aGLdTylUAMQXC89YmC2DPNWuZEbVmUiA8.ttf]
[fonts.gstatic.com/s/roboto/v51/KFOMCnqEu92Fr1ME7kSn66aGLdTylUAMQXC89YmC2DPNWuaabVmUiA8.ttf]
[fonts.gstatic.com/s/roboto/v51/KFOMCnqEu92Fr1ME7kSn66aGLdTylUAMQXC89YmC2DPNWubEbVmUiA8.ttf]
[fonts.gstatic.com/s/roboto/v51/KFOMCnqEu92Fr1ME7kSn66aGLdTylUAMQXC89YmC2DPNWub2bVmUiA8.ttf]
[fonts.gstatic.com/s/roboto/v51/KFOMCnqEu92Fr1ME7kSn66aGLdTylUAMQXC89YmC2DPNWuYaalmUiA8.ttf]
[fonts.gstatic.com/s/roboto/v51/KFOMCnqEu92Fr1ME7kSn66aGLdTylUAMQXC89YmC2DPNWuYjalmUiA8.ttf]
[fonts.gstatic.com/s/roboto/v51/KFOMCnqEu92Fr1ME7kSn66aGLdTylUAMQXC89YmC2DPNWuZEalmUiA8.ttf]
[fonts.gstatic.com/s/roboto/v51/KFOMCnqEu92Fr1ME7kSn66aGLdTylUAMQXC89YmC2DPNWuZtalmUiA8.ttf]
[fonts.gstatic.com/s/robotoslab/v36/BngbUXZYTXPIvIBgJJSb6s3BzlRRfKOFbvjojIWmb2Rm.ttf]
[fonts.gstatic.com/s/robotoslab/v36/BngbUXZYTXPIvIBgJJSb6s3BzlRRfKOFbvjoDISmb2Rm.ttf]
[fonts.gstatic.com/s/robotoslab/v36/BngbUXZYTXPIvIBgJJSb6s3BzlRRfKOFbvjo0oSmb2Rm.ttf]
[fonts.gstatic.com/s/robotoslab/v36/BngbUXZYTXPIvIBgJJSb6s3BzlRRfKOFbvjojISmb2Rm.ttf]
[fonts.gstatic.com/s/robotoslab/v36/BngbUXZYTXPIvIBgJJSb6s3BzlRRfKOFbvjovoSmb2Rm.ttf]
[fonts.gstatic.com/s/robotoslab/v36/BngbUXZYTXPIvIBgJJSb6s3BzlRRfKOFbvjoUoOmb2Rm.ttf]
[fonts.gstatic.com/s/robotoslab/v36/BngbUXZYTXPIvIBgJJSb6s3BzlRRfKOFbvjoa4Omb2Rm.ttf]
[fonts.gstatic.com/s/robotoslab/v36/BngbUXZYTXPIvIBgJJSb6s3BzlRRfKOFbvjoDIOmb2Rm.ttf]
[fonts.googleapis.com/cssa98f.css]
[fonts.gstatic.com/s/robotoslab/v36/BngbUXZYTXPIvIBgJJSb6s3BzlRRfKOFbvjoJYOmb2Rm.ttf]
[fonts.gstatic.com/index.html]
[escoladamaquiagem.com/wp-content/uploads/elementor/css/custom-frontend-lite.min50aa.css]
[escoladamaquiagem.com/wp-content/cache/min/1/wp-content/plugins/elementor/assets/lib/swiper/v8/css/swiper.minf112.css]
[escoladamaquiagem.com/wp-content/uploads/elementor/css/post-450aa.css]
[escoladamaquiagem.com/wp-content/uploads/elementor/css/custom-pro-frontend-lite.min50aa.css]
[escoladamaquiagem.com/wp-content/uploads/elementor/css/global0230.css]
[escoladamaquiagem.com/wp-content/uploads/2024/05/LP_01.webp]
[escoladamaquiagem.com/wp-content/uploads/2024/05/LP_03.webp]
[escoladamaquiagem.com/wp-content/uploads/2024/05/BENTO-1.webp]
[escoladamaquiagem.com/wp-content/uploads/2024/05/BENTO.webp]
[escoladamaquiagem.com/wp-content/uploads/2024/05/BENTO-3.webp]
[escoladamaquiagem.com/wp-content/uploads/2024/05/BENTO-4.webp]
[escoladamaquiagem.com/wp-content/uploads/2024/05/BENTO-5.webp]
[escoladamaquiagem.com/wp-content/uploads/2024/05/LP_06.webp]
[escoladamaquiagem.com/wp-content/uploads/2024/05/LP_07.webp]
[escoladamaquiagem.com/wp-content/uploads/2025/03/fx3v2.webp]
[escoladamaquiagem.com/wp-content/uploads/2025/03/fx6v2.webp]
[ricardolestayo.com/wp-content/uploads/2024/04/BENTO-1.png]
[ricardolestayo.com/wp-content/uploads/2024/04/BENTO.png]
[ricardolestayo.com/wp-content/uploads/2024/04/BENTO-3.png]
[ricardolestayo.com/wp-content/uploads/2024/04/BENTO-4.png]
[escoladamaquiagem.com/wp-content/uploads/elementor/css/post-1082f112.css]
[escoladamaquiagem.com/wp-content/plugins/essential-addons-for-elementor-lite/assets/front-end/css/view/general.minbfbf.css]
[escoladamaquiagem.com/wp-content/plugins/happy-elementor-addons/assets/fonts/happy-icons.woff2]
[escoladamaquiagem.com/_coloque aqui o link da imagem de background_/index.html]
[escoladamaquiagem.com/wp-content/plugins/happy-elementor-addons/assets/fonts/happy-icons.woff]
[escoladamaquiagem.com/wp-content/cache/min/1/wp-content/plugins/happy-elementor-addons/assets/fonts/style.minf112.css]
[escoladamaquiagem.com/wp-content/plugins/happy-elementor-addons/assets/fonts/happy-icons.svg]
[escoladamaquiagem.com/wp-content/plugins/elementor/assets/lib/font-awesome/fonts/fontawesome-webfont3e6e.eot]
[escoladamaquiagem.com/wp-content/plugins/elementor/assets/lib/font-awesome/fonts/fontawesome-webfontd41d.eot]
[escoladamaquiagem.com/wp-content/plugins/elementor/assets/lib/font-awesome/fonts/fontawesome-webfont3e6e.woff2]
[escoladamaquiagem.com/wp-content/plugins/elementor/assets/lib/font-awesome/fonts/fontawesome-webfont3e6e.woff]
[escoladamaquiagem.com/wp-content/plugins/elementor/assets/lib/font-awesome/fonts/fontawesome-webfont3e6e.ttf]
[escoladamaquiagem.com/wp-content/cache/min/1/wp-content/plugins/elementor/assets/lib/font-awesome/css/font-awesome.minf112.css]
[escoladamaquiagem.com/wp-includes/js/jquery/jquery.minf43b.js]
[escoladamaquiagem.com/wp-includes/js/jquery/jquery-migrate.min5589.js]
[escoladamaquiagem.com/wp-content/plugins/elementor/assets/lib/font-awesome/fonts/fontawesome-webfont3e6e.svg]
[www.w3.org/1998/Math/MathML/index.html]
[escoladamaquiagem.com/wp-content/plugins/happy-elementor-addons/assets/vendor/dom-purify/purify.min005e.js]
[www.w3.org/1999/xhtml/index.html]
[escoladamaquiagem.com/maquiagem-2026/t.86.delayed]
[escoladamaquiagem.com/maquiagem-2026/index.html]
[escoladamaquiagem.com/indexc141.html]
[launcher.hotmart.com/launcher.js]
[escoladamaquiagem.com/t]
[escoladamaquiagem.com/signals/config/index.html]
[escoladamaquiagem.com/t.resolvedLink]
[escoladamaquiagem.com/elementor-815/index.html]
[escoladamaquiagem.com/signals/plugins/index.html]
[escoladamaquiagem.com/schema.org/index.html]
[escoladamaquiagem.com/oferta/index.html]
[schema.org/brand.html]
[escoladamaquiagem.com/signals/iwl.90.delayed]
[escoladamaquiagem.com/signals/iwl0fc5.js]
[escoladamaquiagem.com/n.dl]
[escoladamaquiagem.com/n.rl]
[connect.facebook.net/en_US/fbevents.js]
[www.facebook.com/tr2fd8]
[api.whatsapp.com/sendc0ab.html]
[api.whatsapp.com/data/manifest.95.delayed]
[static.whatsapp.net/rsrc.php/ym/r/Q_5apw1Siln.webp]
[static.whatsapp.net/rsrc.php/v5/yH/l/0,cross/_jfkUskf2-v.css]
[static.whatsapp.net/rsrc.php/v5/yM/l/0,cross/du6SKbxZJYl.css]
[static.whatsapp.net/rsrc.php/v5/y9/l/0,cross/WgiwDyr3WQ2.css]
[static.whatsapp.net/rsrc.php/v4/yg/r/dG9MTIAz8pc.js]
[www.whatsapp.com/index.html]
[www.whatsapp.com/download/index.html]
[www.whatsapp.com/calling.html]
[www.whatsapp.com/messaging.html]
[www.whatsapp.com/groups.html]
[www.whatsapp.com/status.html]
[www.whatsapp.com/channels.html]
[www.whatsapp.com/meta-ai.html]
[www.whatsapp.com/security.html]
[www.whatsapp.com/privacy.html]
[business.whatsapp.com/index.html]
[blog.whatsapp.com/index.html]
[faq.whatsapp.com/index.html]
[www.youtube.com/channel/UCAuerig2N-RZWJT8x75V9yw.html]
[www.instagram.com/whatsapp/indexfef7.html]
[api.whatsapp.com/send--sanitized-S228802--.a88526.delayed]
[api.whatsapp.com/send--sanitized-S228802--fb3d]
[www.whatsapp.com/legal/index.html]
[api.whatsapp.com/send--sanitized-S228802--9bb4]
[api.whatsapp.com/send--sanitized-S228802--99dc]
[api.whatsapp.com/send--sanitized-S228802--a35d]
[api.whatsapp.com/send--sanitized-S228802--7b3f]
[api.whatsapp.com/send--sanitized-S228802--c423]
[api.whatsapp.com/send--sanitized-S228802--3322]
[api.whatsapp.com/send--sanitized-S228802--91b9]
[api.whatsapp.com/send--sanitized-S228802--c69a]
[api.whatsapp.com/send--sanitized-S228802--e68f]
[api.whatsapp.com/send--sanitized-S228802--5242]
[api.whatsapp.com/send--sanitized-S228802--1ebe]
[api.whatsapp.com/send--sanitized-S228802--cf53]
[api.whatsapp.com/send--sanitized-S228802--c249]
[api.whatsapp.com/send--sanitized-S228802--1ff0]
[api.whatsapp.com/send--sanitized-S228802--bd5a]
[api.whatsapp.com/send--sanitized-S228802--a30c]
[api.whatsapp.com/send--sanitized-S228802--cdb1]
[api.whatsapp.com/send--sanitized-S228802--2bc7]
[api.whatsapp.com/send--sanitized-S228802--1268]
[api.whatsapp.com/send--sanitized-S228802--9ff7]
[api.whatsapp.com/send--sanitized-S228802--6bf8]
[api.whatsapp.com/send--sanitized-S228802--923c]
[api.whatsapp.com/send--sanitized-S228802--c9bf]
[api.whatsapp.com/send--sanitized-S228802--0b5e]
[api.whatsapp.com/send--sanitized-S228802--69cd]
[api.whatsapp.com/send--sanitized-S228802--08c7]
[api.whatsapp.com/send--sanitized-S228802--7c4b]
[api.whatsapp.com/send--sanitized-S228802--5720]
[api.whatsapp.com/send--sanitized-S228802--9e93]
[api.whatsapp.com/send--sanitized-S228802--e034]
[api.whatsapp.com/send--sanitized-S228802--2296]
[api.whatsapp.com/send--sanitized-S228802--4bed]
[api.whatsapp.com/send--sanitized-S228802--1f03]
[api.whatsapp.com/send--sanitized-S228802--f59f]
[api.whatsapp.com/send--sanitized-S228802--a908]
[api.whatsapp.com/send--sanitized-S228802--2139]
[api.whatsapp.com/send--sanitized-S228802--6e27]
[api.whatsapp.com/send--sanitized-S228802--9277]
[api.whatsapp.com/send--sanitized-S228802--64f4]
[api.whatsapp.com/send--sanitized-S228802--d6cc]
[api.whatsapp.com/send--sanitized-S228802--e6ac]
[api.whatsapp.com/send--sanitized-S228802--add9]
[api.whatsapp.com/send--sanitized-S228802--bbc9]
[api.whatsapp.com/send--sanitized-S228802--ef8e]
[api.whatsapp.com/send--sanitized-S228802--7d5b]
[api.whatsapp.com/send--sanitized-S228802--21c9]
[api.whatsapp.com/send--sanitized-S228802--c203]
[api.whatsapp.com/send--sanitized-S228802--f87d]
[api.whatsapp.com/send--sanitized-S228802--880d]
[api.whatsapp.com/send--sanitized-S228802--21ad]
[api.whatsapp.com/send--sanitized-S228802--2b51]
[api.whatsapp.com/send--sanitized-S228802--cc5a]
[api.whatsapp.com/send--sanitized-S228802--3454]
[api.whatsapp.com/send--sanitized-S228802--9212]
[api.whatsapp.com/send--sanitized-S228802--b6cc]
[api.whatsapp.com/send--sanitized-S228802--c9e6]
[api.whatsapp.com/send--sanitized-S228802--7542]
[static.whatsapp.net/rsrc.php/yN/r/BepdIiK3VZ2.svg]
[static.whatsapp.net/rsrc.php/yY/r/_mMwO8HKa4V.svg]
[static.whatsapp.net/rsrc.php/yM/r/ys-5GPT4pwS.svg]
[static.whatsapp.net/rsrc.php/yJ/r/twC7frrXavH.svg]
[www.whatsapp.com/about.html]
[www.metacareers.com/jobsearch634e.html]
[www.whatsapp.com/android.html]
[www.meta.com/brand/resources/whatsapp/whatsapp-brand/index61be.html]
[www.whatsapp.com/download/mobile.html]
[www.whatsapp.com/download/desktop.html]
[www.whatsapp.com/contact.html]
[web.whatsapp.com/index.html]
[www.whatsapp.com/security/advisories.html]
[www.whatsapp.com/sitemap.html]
[api.whatsapp.com/H8sk9y.f9.delayed]
[api.whatsapp.com/sIXck9]
[api.whatsapp.com/LYq]
[api.whatsapp.com/SxPyyJ]
[static.whatsapp.net/rsrc.php/v4i7M54/ya/l/en_US-j/CrBcU5MDnFU.js]
[static.whatsapp.net/rsrc.php/v4/yE/r/MkU8wR5s6Yd.js]
[api.whatsapp.com/send9971.html]
[api.whatsapp.com/H8sk9y/index.html]
[facebook.dlocal.com/index.html]
[escoladamaquiagem.com/wp-content/uploads/elementor/css/custom-widget-icon-list.min3c24.css]
[aws-assets.kiwify.com.br/PFKQsuRk9kvmTGX/Capa-Maquiagem-na-Web-1.0---600x600---Hotmart-300-x-250-px_bb592b60d6b74381aa4f50fee60da604.png]
[pay.kiwify.com.br/favicon.ico]
[connect.facebook.net/en_GB/sdk.js]
[assets.kiwify.com.br/custom_checkout/7-83ea3c8ce86a0e92518c3579746cbd6a94ed40e0.js]
[assets.kiwify.com.br/custom_checkout/4-83ea3c8ce86a0e92518c3579746cbd6a94ed40e0.js]
[assets.kiwify.com.br/custom_checkout/8-83ea3c8ce86a0e92518c3579746cbd6a94ed40e0.css]
[assets.kiwify.com.br/custom_checkout/8-83ea3c8ce86a0e92518c3579746cbd6a94ed40e0.js]
[assets.kiwify.com.br/custom_checkout/3-83ea3c8ce86a0e92518c3579746cbd6a94ed40e0.css]
[assets.kiwify.com.br/custom_checkout/3-83ea3c8ce86a0e92518c3579746cbd6a94ed40e0.js]
[assets.kiwify.com.br/custom_checkout/5-83ea3c8ce86a0e92518c3579746cbd6a94ed40e0.css]
[assets.kiwify.com.br/custom_checkout/5-83ea3c8ce86a0e92518c3579746cbd6a94ed40e0.js]
[assets.kiwify.com.br/custom_checkout/0-83ea3c8ce86a0e92518c3579746cbd6a94ed40e0.js]
[assets.kiwify.com.br/custom_checkout/2-83ea3c8ce86a0e92518c3579746cbd6a94ed40e0.css]
[assets.kiwify.com.br/custom_checkout/2-83ea3c8ce86a0e92518c3579746cbd6a94ed40e0.js]
[assets.kiwify.com.br/custom_checkout/1-83ea3c8ce86a0e92518c3579746cbd6a94ed40e0.css]
[assets.kiwify.com.br/custom_checkout/1-83ea3c8ce86a0e92518c3579746cbd6a94ed40e0.js]
[aws-assets.kiwify.com.br/cdn-cgi/image/fit=scale-down,width=128/PFKQsuRk9kvmTGX/Capa-Maquiagem-na-Web-1.0---600x600---Hotmart-300-x-250-px_bb592b60d6b74381aa4f50fee60da604.jpg]
[assets.kiwify.com.br/extra/footer-kiwify-gray.png]
[kiwify.com.br/termos-de-uso/index.html]
[kiwify.com.br/politica-de-privacidade/index.html]
[policies.google.com/privacy.html]
[policies.google.com/terms.html]
[aws-assets.kiwify.com.br/cdn-cgi/image/fit=scale-down,width=700/PFKQsuRk9kvmTGX/img_builder_01aa9f4f-4f18-414b-be0a-79024ae3d54a_da399260ee22496e871666931b273c76.png]
[aws-assets.kiwify.com.br/cdn-cgi/image/fit=scale-down,width=300/PFKQsuRk9kvmTGX/img_builder_5f925bb5-4017-4419-9c15-f617a1b75592_c0b89c23e7244bebbfef309892b58519.png]
[aws-assets.kiwify.com.br/cdn-cgi/image/fit=scale-down,width=300/PFKQsuRk9kvmTGX/img_builder_facb5c39-c64c-4b9d-a222-16dafa83665d_1815057ae830407786ae8ac576d55093.png]
[aws-assets.kiwify.com.br/cdn-cgi/image/fit=scale-down,width=300/PFKQsuRk9kvmTGX/img_builder_70fee314-7576-428e-93e3-9d92b4614874_18426d8c6071400089dea0adba5ce785.png]
[pay.kiwify.com.br/cdn-cgi/challenge-platform/h/b/scripts/jsd/625261456364/maind41d.js]
[static.cloudflareinsights.com/beacon.min.js/v8c78df7c7c0f484497ecbca7046644da1771523124516]
[pay.kiwify.com.br/7SUP4Be.html]
[pay.kiwify.com.br/7s95UAe.html]
[www.datadoghq-browser-agent.com/us1/v5/datadog-rum.js]
[www.w3.org/StyleSheets/TR/base.css]
[www.w3.org/2000/svg.html]
[www.w3.org/2001/tag/doc/namespaceState.html]
[www.w3.org/assets/logos/w3c-2025-transitional/w3c-72x48.svg]
[www.w3.org/index.html]
[escoladamaquiagem.com/wp-content/plugins/elementor/assets/lib/animations/animations.mind5d5.css]
[www.w3.org/TR/SVG/index.html]
[escoladamaquiagem.com/wp-content/plugins/page-scroll-to-id/js/page-scroll-to-id.min97e9.js]
[www.w3.org/TR/xml-names/index.html]
[www.w3.org/TR/xml/index.html]
[www.w3.org/help/index.html]
[escoladamaquiagem.com/wp-content/uploads/elementor/css/post-640f112.css]
[escoladamaquiagem.com/wp-json/wp/v2/pages/640.json]
[escoladamaquiagem.com/wp-json/oembed/1.0/embed9e39.json]
[escoladamaquiagem.com/wp-json/oembed/1.0/embedc587]
[escoladamaquiagem.com/wp-content/uploads/2023/05/LOGO.png]
[api.whatsapp.com/send7b01.html]
[escoladamaquiagem.com/wp-content/uploads/2024/07/icone1-copiar-3.webp]
[escoladamaquiagem.com/wp-content/uploads/2024/07/icone1-copiar-4.webp]
[escoladamaquiagem.com/wp-content/uploads/2024/07/icone1-copiar-5.webp]
[escoladamaquiagem.com/wp-content/uploads/2024/07/icone1-copiar-6.webp]
[escoladamaquiagem.com/wp-content/uploads/2024/07/Agrupar-4.webp]
[escoladamaquiagem.com/wp-content/uploads/2024/07/icon.webp]
[escoladamaquiagem.com/wp-content/uploads/2024/07/icon2.webp]
[escoladamaquiagem.com/wp-content/uploads/2024/07/icon3.webp]
[escoladamaquiagem.com/wp-content/uploads/2024/07/icone1.png]
[escoladamaquiagem.com/wp-content/uploads/2024/07/icone1-copiar.png]
[escoladamaquiagem.com/wp-content/uploads/2024/07/icone1-copiar-2.png]
[escoladamaquiagem.com/wp-content/uploads/2024/07/1.webp]
[escoladamaquiagem.com/wp-content/uploads/2024/07/ESPECIALIZACAOEMNOIVAS.webp]
[escoladamaquiagem.com/wp-content/uploads/2024/07/Camada-9.webp]
[escoladamaquiagem.com/wp-content/uploads/2024/07/Camada-10.webp]
[escoladamaquiagem.com/wp-content/uploads/2024/07/makeEm9minutos.webp]
[escoladamaquiagem.com/wp-content/uploads/2024/07/Agrupar-5.webp]
[escoladamaquiagem.com/wp-content/uploads/2024/07/automaqiniciante.webp]
[escoladamaquiagem.com/wp-content/uploads/2024/07/certificado.webp]
[escoladamaquiagem.com/wp-content/uploads/2024/07/bonus3.webp]
[escoladamaquiagem.com/wp-content/uploads/2024/07/bonus2.webp]
[escoladamaquiagem.com/wp-content/uploads/2024/07/bonus1.webp]
[escoladamaquiagem.com/wp-content/uploads/2023/05/payments-logo-1.png]
[escoladamaquiagem.com/wp-content/uploads/2024/07/invista-1.webp]
[pay.hotmart.com/V81522541X41e8.html]
[escoladamaquiagem.com/wp-content/uploads/2024/07/LINHAS.webp]
[escoladamaquiagem.com/wp-content/uploads/2024/07/Agrupar-9.webp]
[pay.hotmart.com/V81522541X6c9b.html]
[escoladamaquiagem.com/index.html]
[escoladamaquiagem.com/wp-content/plugins/essential-addons-for-elementor-lite/assets/front-end/js/view/general.minbfbf.js]
[escoladamaquiagem.com/wp-content/plugins/happy-elementor-addons/assets/js/happy-addons.min7ff8.js]
[escoladamaquiagem.com/wp-content/plugins/elementor-pro/assets/js/webpack-pro.runtime.min9086.js]
[escoladamaquiagem.com/wp-content/plugins/elementor/assets/js/webpack.runtime.mind5d5.js]
[escoladamaquiagem.com/wp-content/plugins/elementor/assets/js/frontend-modules.mind5d5.js]
[escoladamaquiagem.com/wp-includes/js/dist/hooks.min2757.js]
[escoladamaquiagem.com/wp-includes/js/dist/i18n.minc33c.js]
[escoladamaquiagem.com/wp-content/plugins/elementor-pro/assets/js/frontend.min9086.js]
[escoladamaquiagem.com/wp-content/plugins/elementor/assets/lib/waypoints/waypoints.min05da.js]
[escoladamaquiagem.com/wp-includes/js/jquery/ui/core.minb37e.js]
[api.whatsapp.com/senddaa5.html]
[escoladamaquiagem.com/-negative.svg]
[escoladamaquiagem.com/wp-content/plugins/elementor/assets/js/frontend.mind5d5.js]
[www.youtube-nocookie.com/index.html]
[escoladamaquiagem.com/OPR/index.html]
[escoladamaquiagem.com/document.146.delayed]
[escoladamaquiagem.com/wp-content/plugins/elementor-pro/assets/js/preloaded-elements-handlers.min9086.js]
[escoladamaquiagem.com/wp-content/plugins/rocket-lazy-load/assets/js/16.1/lazyload.min.js]
[escoladamaquiagem.com/_coloque aqui o link da imagem de background_/index.html]
[escoladamaquiagem.com/wp-content/plugins/happy-elementor-addons/assets/fonts/happy-icons.svg]
[escoladamaquiagem.com/wp-content/plugins/elementor/assets/lib/font-awesome/fonts/fontawesome-webfont3e6e.svg]
[www.w3.org/1998/Math/MathML/index.html]
[www.w3.org/1999/xhtml/index.html]
[escoladamaquiagem.com/maquiagem-2026/t.html]
[escoladamaquiagem.com/signals/config/index.html]
[escoladamaquiagem.com/t-2.html]
[escoladamaquiagem.com/elementor-815/index.html]
[escoladamaquiagem.com/signals/plugins/index.html]
[schema.org/index.html]
[escoladamaquiagem.com/schema.org/index.html]
[wa.me/index.html]
[escoladamaquiagem.com/t-3.html]
[escoladamaquiagem.com/oferta/index.html]
[schema.org/product.html]
[schema.org/offer.html]
[schema.org/aggregateoffer.html]
[schema.org/aggregaterating.html]
[schema.org/brand.html]
[escoladamaquiagem.com/signals/iwl.html]
[escoladamaquiagem.com/signals/iwl0fc5.html]
[escoladamaquiagem.com/n.html]
[escoladamaquiagem.com/n-2.html]
[api.whatsapp.com/sendc0ab.html]
[api.whatsapp.com/data/manifest.html]
[static.whatsapp.net/rsrc.php/v5/yH/l/0,cross/_jfkUskf2-v.css]
[static.whatsapp.net/rsrc.php/v5/yM/l/0,cross/du6SKbxZJYl.css]
[static.whatsapp.net/rsrc.php/v5/y9/l/0,cross/WgiwDyr3WQ2.css]
[static.whatsapp.net/rsrc.php/v4/yg/r/dG9MTIAz8pc.js]
[www.whatsapp.com/index.html]
[www.whatsapp.com/download/index.html]
[www.whatsapp.com/calling.html]
[www.whatsapp.com/messaging.html]
[www.whatsapp.com/groups.html]
[www.whatsapp.com/status.html]
[www.whatsapp.com/channels.html]
[www.whatsapp.com/meta-ai.html]
[www.whatsapp.com/security.html]
[www.whatsapp.com/privacy.html]
[faq.whatsapp.com/index.html]
[blog.whatsapp.com/index.html]
[business.whatsapp.com/index.html]
[www.youtube.com/channel/UCAuerig2N-RZWJT8x75V9yw.html]
[www.instagram.com/whatsapp/indexfef7.html]
[www.whatsapp.com/legal/index.html]
[api.whatsapp.com/send--sanitized-S228802--8526.html]
[api.whatsapp.com/send--sanitized-S228802--fb3d.html]
[api.whatsapp.com/send--sanitized-S228802--9bb4.html]
[api.whatsapp.com/send--sanitized-S228802--99dc.html]
[api.whatsapp.com/send--sanitized-S228802--a35d.html]
[api.whatsapp.com/send--sanitized-S228802--7b3f.html]
[api.whatsapp.com/send--sanitized-S228802--c423.html]
[api.whatsapp.com/send--sanitized-S228802--3322.html]
[api.whatsapp.com/send--sanitized-S228802--91b9.html]
[api.whatsapp.com/send--sanitized-S228802--c69a.html]
[api.whatsapp.com/send--sanitized-S228802--e68f.html]
[api.whatsapp.com/send--sanitized-S228802--5242.html]
[api.whatsapp.com/send--sanitized-S228802--1ebe.html]
[api.whatsapp.com/send--sanitized-S228802--cf53.html]
[api.whatsapp.com/send--sanitized-S228802--c249.html]
[api.whatsapp.com/send--sanitized-S228802--1ff0.html]
[api.whatsapp.com/send--sanitized-S228802--bd5a.html]
[api.whatsapp.com/send--sanitized-S228802--a30c.html]
[api.whatsapp.com/send--sanitized-S228802--cdb1.html]
[api.whatsapp.com/send--sanitized-S228802--2bc7.html]
[api.whatsapp.com/send--sanitized-S228802--1268.html]
[api.whatsapp.com/send--sanitized-S228802--9ff7.html]
[api.whatsapp.com/send--sanitized-S228802--6bf8.html]
[api.whatsapp.com/send--sanitized-S228802--923c.html]
[api.whatsapp.com/send--sanitized-S228802--c9bf.html]
[api.whatsapp.com/send--sanitized-S228802--0b5e.html]
[api.whatsapp.com/send--sanitized-S228802--69cd.html]
[api.whatsapp.com/send--sanitized-S228802--08c7.html]
[api.whatsapp.com/send--sanitized-S228802--7c4b.html]
[api.whatsapp.com/send--sanitized-S228802--5720.html]
[api.whatsapp.com/send--sanitized-S228802--9e93.html]
[api.whatsapp.com/send--sanitized-S228802--e034.html]
[api.whatsapp.com/send--sanitized-S228802--2296.html]
[api.whatsapp.com/send--sanitized-S228802--4bed.html]
[api.whatsapp.com/send--sanitized-S228802--1f03.html]
[api.whatsapp.com/send--sanitized-S228802--f59f.html]
[api.whatsapp.com/send--sanitized-S228802--a908.html]
[api.whatsapp.com/send--sanitized-S228802--2139.html]
[api.whatsapp.com/send--sanitized-S228802--6e27.html]
[api.whatsapp.com/send--sanitized-S228802--9277.html]
[api.whatsapp.com/send--sanitized-S228802--64f4.html]
[api.whatsapp.com/send--sanitized-S228802--d6cc.html]
[api.whatsapp.com/send--sanitized-S228802--e6ac.html]
[api.whatsapp.com/send--sanitized-S228802--add9.html]
[api.whatsapp.com/send--sanitized-S228802--bbc9.html]
[api.whatsapp.com/send--sanitized-S228802--ef8e.html]
[api.whatsapp.com/send--sanitized-S228802--7d5b.html]
[api.whatsapp.com/send--sanitized-S228802--21c9.html]
[api.whatsapp.com/send--sanitized-S228802--c203.html]
[api.whatsapp.com/send--sanitized-S228802--f87d.html]
[api.whatsapp.com/send--sanitized-S228802--880d.html]
[api.whatsapp.com/send--sanitized-S228802--21ad.html]
[api.whatsapp.com/send--sanitized-S228802--2b51.html]
[api.whatsapp.com/send--sanitized-S228802--cc5a.html]
[api.whatsapp.com/send--sanitized-S228802--3454.html]
[api.whatsapp.com/send--sanitized-S228802--9212.html]
[api.whatsapp.com/send--sanitized-S228802--b6cc.html]
[api.whatsapp.com/send--sanitized-S228802--c9e6.html]
[api.whatsapp.com/send--sanitized-S228802--7542.html]
[static.whatsapp.net/rsrc.php/yN/r/BepdIiK3VZ2.svg]
[static.whatsapp.net/rsrc.php/yY/r/_mMwO8HKa4V.svg]
[static.whatsapp.net/rsrc.php/yM/r/ys-5GPT4pwS.svg]
[static.whatsapp.net/rsrc.php/yJ/r/twC7frrXavH.svg]
[www.whatsapp.com/about.html]
[www.metacareers.com/jobsearch634e.html]
[www.meta.com/brand/resources/whatsapp/whatsapp-brand/index61be.html]
[www.whatsapp.com/android.html]
[www.whatsapp.com/download/mobile.html]
[www.whatsapp.com/download/desktop.html]
[web.whatsapp.com/index.html]
[www.whatsapp.com/contact.html]
[www.whatsapp.com/security/advisories.html]
[www.whatsapp.com/sitemap.html]
[api.whatsapp.com/H8sk9y.html]
[api.whatsapp.com/sIXck9.html]
[api.whatsapp.com/LYq.html]
[api.whatsapp.com/SxPyyJ.html]
[static.whatsapp.net/rsrc.php/v4i7M54/ya/l/en_US-j/CrBcU5MDnFU.js]
[static.whatsapp.net/rsrc.php/v4/yE/r/MkU8wR5s6Yd.js]
[api.whatsapp.com/H8sk9y/index.html]
[integration-facebook.payu.in/index.html]
[facebook.payulatam.com/index.html]
[secure.payu.com/index.html]
[facebook.dlocal.com/index.html]
[fonts.googleapis.com/css2dd7e.css]
[connect.facebook.net/en_GB/sdk.js]
[assets.kiwify.com.br/custom_checkout/8-83ea3c8ce86a0e92518c3579746cbd6a94ed40e0.css]
[assets.kiwify.com.br/custom_checkout/3-83ea3c8ce86a0e92518c3579746cbd6a94ed40e0.css]
[assets.kiwify.com.br/custom_checkout/5-83ea3c8ce86a0e92518c3579746cbd6a94ed40e0.css]
[assets.kiwify.com.br/custom_checkout/2-83ea3c8ce86a0e92518c3579746cbd6a94ed40e0.css]
[assets.kiwify.com.br/custom_checkout/1-83ea3c8ce86a0e92518c3579746cbd6a94ed40e0.css]
[www.kiwify.com/index.html]
[kiwify.com.br/termos-de-uso/index.html]
[kiwify.com.br/politica-de-privacidade/index.html]
[policies.google.com/privacy.html]
[policies.google.com/terms.html]
[www.w3.org/StyleSheets/TR/base.css]
[www.w3.org/index.html]
[www.w3.org/assets/logos/w3c-2025-transitional/w3c-72x48.svg]
[www.w3.org/2001/tag/doc/namespaceState.html]
[www.w3.org/TR/SVG/index.html]
[www.w3.org/Graphics/SVG/index.html]
[www.w3.org/TR/xml/index.html]
[www.w3.org/TR/xml-names/index.html]
[www.w3.org/help/index.html]
[fonts.googleapis.com/css6c87.css]
[escoladamaquiagem.com/wp-content/uploads/elementor/css/post-640f112.css]
[www.facebook.com/tr19ae]
[api.whatsapp.com/send7b01.html]
[pay.hotmart.com/V81522541X41e8.html]
[pay.hotmart.com/V81522541X6c9b.html]
[api.whatsapp.com/senddaa5.html]
[www.youtube-nocookie.com/index.html]
[escoladamaquiagem.com/-negative.html]
[escoladamaquiagem.com/OPR/index.html]
[escoladamaquiagem.com/document.html]
[x.com/whatsapp]
[www.facebook.com/WhatsApp/index.html]
[web.whatsapp.com/send/index3661.html]
